// Jest Snapshot v1, https://goo.gl/fbAQLP

exports[`should render 1`] = `
<View
  style={
    {
      "flex": 1,
      "height": "100%",
      "padding": 10,
    }
  }
>
  <Text
    style={
      {
        "color": "black",
        "marginBottom": 10,
        "textAlign": "center",
      }
    }
  >
    Please enter your email and password
  </Text>
  <TextInput
    onChangeText={[Function]}
    placeholder="email address"
    style={
      {
        "borderColor": "black",
        "borderRadius": 50,
        "borderWidth": 1,
        "marginBottom": 10,
        "paddingHorizontal": 10,
      }
    }
  />
  <TextInput
    onChangeText={[Function]}
    placeholder="password"
    secureTextEntry={true}
    style={
      {
        "borderColor": "black",
        "borderRadius": 50,
        "borderWidth": 1,
        "marginBottom": 10,
        "paddingHorizontal": 10,
      }
    }
  />
  <View
    accessibilityRole="button"
    accessibilityState={
      {
        "busy": undefined,
        "checked": undefined,
        "disabled": undefined,
        "expanded": undefined,
        "selected": undefined,
      }
    }
    accessibilityValue={
      {
        "max": undefined,
        "min": undefined,
        "now": undefined,
        "text": undefined,
      }
    }
    accessible={true}
    collapsable={false}
    focusable={true}
    onClick={[Function]}
    onResponderGrant={[Function]}
    onResponderMove={[Function]}
    onResponderRelease={[Function]}
    onResponderTerminate={[Function]}
    onResponderTerminationRequest={[Function]}
    onStartShouldSetResponder={[Function]}
    style={
      {
        "opacity": 1,
      }
    }
  >
    <View
      style={
        [
          {},
        ]
      }
    >
      <Text
        style={
          [
            {
              "color": "#007AFF",
              "fontSize": 18,
              "margin": 8,
              "textAlign": "center",
            },
          ]
        }
      >
        login
      </Text>
    </View>
  </View>
</View>
`;
